// Jest Snapshot v1, https://goo.gl/fbAQLP

exports[`MovieCardShort renders correctly 1`] = `
<a
  className="component flex alignItemsCenter"
  href="/movie-details/tt0187738"
  onClick={[Function]}
>
  <div
    className="poster"
  >
    <img
      alt="Blade II"
      src="https://m.media-amazon.com/images/M/MV5BOWVjZTIzNDYtNTBlNC00NTJjLTkzOTEtOTE0MjlhYzI2YTcyXkEyXkFqcGdeQXVyNTAyODkwOQ@@._V1_SX300.jpg"
    />
  </div>
  <div
    className="info"
  >
    <div
      className="title"
    >
      Blade II
    </div>
    <div
      className="year"
    >
      Year: 
      2002
    </div>
  </div>
</a>
`;
